
=== DRILL DE MIGRATION — staging vivo ===

-- 0. versão N --
   OK      o staging está na versão N = 20260928000072 (a de antes da release)
   ·       16 contas, 4 pessoas multi-clube, mensalidades {"Águias do Vale":6,"Clube Teste Tenant 002":1,"Filhos da Conquista":9}
   OK      na versão N, Lia (A+B) NÃO publica no mural de B — o defeito que a release corrige

-- 1. backup antes da release --
   OK      backup feito (banco + arquivos do Storage + manifesto)
   ·       staging\backups\2026-09-24T12-07-53-848Z

-- 2. a release: 73 e 74, uma por vez, como o SQL Editor --
   OK      20260929000073_o-clube-do-ato-e-a-aba.sql aplicada (0.2s)
   OK      20260929000074_mensalidade-unica-por-clube.sql aplicada (0.2s)
   OK      o ledger tem as DUAS versões da release (conferido por conjunto, não por max)

-- 3. F1 — uma migration que ABORTA no meio --
   OK      o SQL Editor recusa a F1
   ·       erro: ERROR:  column "nome_que_nao_existe" of relation "unidades" does not exist
   OK      ...e NADA dela ficou: nem a coluna, nem o índice (atomicidade provada pelo estado)
   OK      ...o ledger não andou (a F1 não foi registrada)
   OK      ...e o app segue funcionando na versão de antes: Lia publica em B
   ·       recuperação da F1: nenhuma no banco. Corrige-se o arquivo e aplica-se de novo numa próxima janela.

-- 4. F2 — uma migration que COMMITA e ESTRAGA dado --
   OK      o SQL Editor ACEITA a F2 (nada aborta — é isso que a torna perigosa)

-- 5. detecção — a conferência pega o que o SQL Editor não pegou --
   OK      o manifesto acusa a diferença (vínculos e caixa de B)
   ·       antes: vínculos {"Águias do Vale":7,"Clube Teste Tenant 002":1,"Distrito Staging do Agreste":1,"Filhos da Conquista":8,"Sentinelas do Agreste":3}  mensalidades {"Águias do Vale":6,"Clube Teste Tenant 002":1,"Filhos da Conquista":9}
   ·       agora: vínculos {"Águias do Vale":2,"Clube Teste Tenant 002":1,"Distrito Staging do Agreste":1,"Filhos da Conquista":8,"Sentinelas do Agreste":3}  mensalidades {"Clube Teste Tenant 002":1,"Filhos da Conquista":9}
   OK      a sonda de uso acusa: Bia (só B) perdeu o acesso ao próprio clube
   ·       decisão: o caixa de B foi APAGADO — nenhuma migration corretiva traz de volta. Restore do backup de antes da release.

-- 6. recuperação — restore IN-PLACE do backup de antes da release --
     OK      banco.dump íntegro (sha256)
     OK      storage.tgz íntegro (sha256)
     OK      banco restaurado sem erro (9.1s, com os serviços parados)
     OK      o banco restaurado tem o dono original (postgres)
     OK      ...e o papel do SQL Editor ainda CRIA no public: a próxima migration passa
     OK      serviços do staging de volta (4.9s)
     OK      o manifesto voltou IDÊNTICO ao do backup
     ·       restore in-place: 14.0s (banco 9.1s + serviços 4.9s)
   OK      o restore in-place terminou sem nenhuma falha na própria conferência
   OK      a API do staging responde depois do restore
   OK      o staging voltou à versão N
   OK      o manifesto voltou IDÊNTICO ao de antes da release (vínculos, caixa, fotos, classes, documentos, Storage, policies…)
   OK      Bia voltou a entrar em B

-- 7. RPO — o que o restore custou --
   OK      a escrita ENTRE o backup e o incidente foi perdida
   OK      a escrita DEPOIS do incidente foi perdida
   ·       as duas eram legítimas. É o custo do restore in-place: TUDO depois do backup. O runbook exige
   ·       backup IMEDIATAMENTE antes da release e janela sem uso — o produto não tem modo manutenção.

-- 8. a release de novo, a certa — e o efeito dela --
   OK      20260929000073_o-clube-do-ato-e-a-aba.sql reaplicada (0.2s)
   OK      20260929000074_mensalidade-unica-por-clube.sql reaplicada (0.2s)
   OK      o ledger tem as DUAS versões da release de novo
   OK      e agora Lia (A+B) publica no mural de B — a correção chegou aos dados reais

==============================================================
 TEMPOS OBSERVADOS (staging, banco de ~2 MB)
   restore in-place (banco + arquivos) ... 14.3s
   release reaplicada + sonda ............ 0.8s
   TOTAL da recuperação da F2 ............ 17.2s  (de "decidi restaurar" a "release certa no ar")

 RESULTADO: DRILL OK
==============================================================
